// Jest Snapshot v1, https://goo.gl/fbAQLP

exports[`Blog Should render Comment, Author component correctly 1`] = `[Function]`;

exports[`Blog Should render Comment, Author component correctly 2`] = `[Function]`;
